// Jest Snapshot v1, https://goo.gl/fbAQLP

exports[`BoxAlert tests basic tests matches the snapshot 1`] = `
<div
  className="sc-bdVaJa fvbaov"
>
  <div
    className="sc-bwzfXH ciNgcV"
  >
    <svg
      aria-hidden="true"
      className="sc-kkGfuU ktzHgS"
      focusable="false"
      viewBox="0 0 32 32"
    >
      <path
        d="M16 28C9.37258 28 4 22.62742 4 16S9.37258 4 16 4s12 5.37258 12 12-5.37258 12-12 12zm0-2c5.52285 0 10-4.47715 10-10S21.52285 6 16 6 6 10.47715 6 16s4.47715 10 10 10zm0-4c-.55228 0-1-.44772-1-1s.44772-1 1-1 1 .44772 1 1-.44772 1-1 1zm-1-11c0-.55228.44772-1 1-1s1 .44772 1 1v6.07107c0 .55228-.44772 1-1 1s-1-.44772-1-1V11z"
      />
    </svg>
  </div>
  <div
    className="sc-htpNat gVIChY"
  >
    <span
      className="sc-bxivhb gepbvZ"
    >
      MISSING: adsNotSupportedRegion
    </span>
  </div>
</div>
`;
