// Jest Snapshot v1, https://goo.gl/fbAQLP

exports[`ModalPending tests basic tests matches the snapshot 1`] = `
<div
  className="sc-bxivhb gajzlG"
  id="modal"
  onClick={[Function]}
>
  <div
    className="sc-ifAKCX bIZhmi"
    size="normal"
  >
    <div
      className="sc-EHOje ePPINe"
    >
      <svg
        aria-hidden="true"
        className="sc-csuQGl kKIZdW"
        focusable="false"
        viewBox="0 0 32 32"
      >
        <path
          d="M16 3a13 13 0 1 0 13 13A13 13 0 0 0 16 3zm0 24a11 11 0 1 1 11-11 11 11 0 0 1-11 11z"
        />
        <path
          d="M20.71 11.29a1 1 0 0 0-1.42 0L16 14.59l-3.29-3.3a1 1 0 0 0-1.42 1.42l3.3 3.29-3.3 3.29a1 1 0 0 0 0 1.42 1 1 0 0 0 1.42 0l3.29-3.3 3.29 3.3a1 1 0 0 0 1.42 0 1 1 0 0 0 0-1.42L17.41 16l3.3-3.29a1 1 0 0 0 0-1.42z"
        />
      </svg>
    </div>
    <div
      className="sc-bZQynM lhztOZ"
    >
      <div
        className="sc-bdVaJa bJpVkp"
      >
        <div
          className="sc-bwzfXH gjsiUo"
        >
          MISSING: pendingContributions
        </div>
        <div
          id="pendingContributionTable"
        >
          <div>
            <table
              className="sc-hGoxap SwLTZ"
            >
              <thead>
                <tr>
                  <th
                    className="sc-fjmCvl iMsGUp"
                  >
                    MISSING: site
                  </th>
                  <th
                    className="sc-fjmCvl iMsGUp"
                  >
                    MISSING: type
                  </th>
                  <th
                    className="sc-fjmCvl iMsGUp"
                  >
                    MISSING: pendingUntil
                  </th>
                  <th
                    className="sc-fjmCvl jvpaNM"
                  >
                    MISSING: amount
                  </th>
                  <th
                    className="sc-fjmCvl dTTzxF"
                  >
                    MISSING: remove
                  </th>
                </tr>
              </thead>
            </table>
            <div
              className="sc-laTMn eMHaUs"
            >
              MISSING: pendingContributionEmpty
            </div>
          </div>
        </div>
      </div>
    </div>
  </div>
</div>
`;
