// Jest Snapshot v1, https://goo.gl/fbAQLP

exports[`Tokens tests basic tests matches the snapshot 1`] = `
<span
  className="sc-bdVaJa lcZFJA"
  color="default"
  id="tokens"
  size="normal"
>
  <span
    className="sc-bwzfXH kfvjYX"
  >
    <span
      className="sc-htpNat heaaMO"
    >
      
      10
    </span>
    <span
      className="sc-ifAKCX buDqon"
    >
      MISSING: bat
    </span>
  </span>
</span>
`;
