// Jest Snapshot v1, https://goo.gl/fbAQLP

exports[`Profile tests basic tests matches the snapshot 1`] = `
<div
  className="sc-bdVaJa iCDnOB"
  id="profile"
>
  <div
    className="sc-bwzfXH cVZBKV"
    type="small"
  >
    <img
      className="sc-htpNat bIWqmZ"
      src=""
    />
  </div>
  <div
    className="sc-ifAKCX jvcCDg"
  >
    <div
      className="sc-EHOje bdsEWL"
    >
      <span
        className="sc-bZQynM bZughw"
        type="small"
      />
    </div>
  </div>
</div>
`;
