// Jest Snapshot v1, https://goo.gl/fbAQLP

exports[`Category Like Picker tests basic tests matches the snapshot 1`] = `
Array [
  <div
    className="sc-bdVaJa bSrzPW"
  >
    <div
      className="sc-htpNat lhkAeX"
    >
      <svg
        aria-hidden="true"
        className="sc-RefOD EQJWu"
        focusable="false"
        viewBox="0 0 32 32"
      >
        <path
          d="M20.06238 4.16496c-2.12476-1.76072-5.30215-1.46853-7.27486.51227l-.76803.7741-.76803-.7703c-1.59064-1.60134-4.79922-2.56518-7.27485-.51607-2.44834 2.03392-2.577 5.68437-.38597 7.88526l7.54386 7.5817c.24172.24286.5614.36808.8811.36808.31968 0 .63937-.12143.88109-.36808l7.54386-7.5817c2.19883-2.20089 2.07017-5.85134-.37817-7.88526zm-.51072 7.04285l-7.51657 7.5817-7.54776-7.5817c-1.49708-1.50268-1.80897-4.36763.3002-6.11696 2.13645-1.7759 4.64717-.48951 5.56725.43638l1.66471 1.67344 1.66472-1.67344c.90448-.91071 3.4386-2.2009 5.56725-.43638 2.10527 1.74553 1.79727 4.61049.3002 6.11696z"
        />
      </svg>
    </div>
  </div>,
  <div
    className="sc-bwzfXH kfvjYX"
  >
    <div
      className="sc-bWkBrx BDgzH"
    >
      <div
        className="sc-cxZfpC ldVFwd"
      >
        <div
          className="sc-fVHxE hcDWyc"
        />
        <div
          className="sc-jIyBzM irrUSQ"
        >
          MISSING: optOutTooltip
        </div>
      </div>
      <div
        className="sc-jvjHmY TCaxu"
        onMouseEnter={[Function]}
        onMouseLeave={[Function]}
      >
        <div
          className="sc-bxivhb iPuzmj"
        >
          <svg
            aria-hidden="true"
            className="sc-elJkPf iDnOOK"
            focusable="false"
            viewBox="0 0 32 32"
          >
            <path
              d="M12 2C6.47714 2 2 6.47714 2 12s4.47714 10 10 10 10-4.47714 10-10S17.52286 2 12 2zM5.84133 18.15867c-3.25089-3.25089-3.3931-8.42569-.43952-11.84448l12.28404 12.284c-3.41952 2.95419-8.59428 2.81072-11.84452-.43952zm12.75686-.47286l-12.284-12.284c3.41952-2.95415 8.59424-2.81068 11.84448.43952 3.25089 3.25085 3.3931 8.42569.43952 11.84448z"
            />
          </svg>
        </div>
      </div>
    </div>
  </div>,
]
`;
