// Jest Snapshot v1, https://goo.gl/fbAQLP

exports[`RestoreSites tests basic tests matches the snapshot 1`] = `
<div
  className="sc-bdVaJa fFmehR"
>
  <a
    className="sc-bwzfXH iojUMh"
  >
    (MISSING: restoreAll)
  </a>
</div>
`;
