// Jest Snapshot v1, https://goo.gl/fbAQLP

exports[`Amount tests basic tests matches the snapshot 1`] = `
Array [
  <div
    className="sc-bdVaJa fOiChZ"
  >
    <svg
      aria-hidden="true"
      className="sc-epnACN fFxYpC"
      focusable="false"
      viewBox="0 0 32 32"
    >
      <path
        d="M21.40063 13.1595C21.7884 12.6566 22 12 22 11.19796c-.00004-1.47164-1.25285-2.8348-2.8409-2.8348h-2.74023c.34062-.67844.8084-1.51997.8084-2.72723C17.2273 3.35437 16.3171 2 13.98867 2 12.817 2 12.3822 3.48117 12.15941 4.6261c-.13308.68402-.25882 1.33015-.6455 1.71683C10.5932 7.26367 9.1875 9.5 8.34305 9.9541c-.08551.03602-.19477.06438-.31375.08684C7.80379 9.71422 7.427 9.5 7 9.5H3.25c-.69035 0-1.25.55965-1.25 1.25v10c0 .69035.55965 1.25 1.25 1.25H7c.69035 0 1.25-.55965 1.25-1.25v-.3414c1.26934 0 3.93309 1.59167 6.93184 1.59085.21504.00012 1.4707.00117 1.60207 0 2.3157.00055 3.6037-1.40183 3.5287-3.50754.5909-.69246.88044-1.69285.71192-2.62129.48656-.76273.59086-1.83867.3761-2.71113zM3.25 20.75v-10H7v10H3.25zm16.56316-7.955c.62434.455.62434 2.33-.21902 2.76035.5282.88906.05281 2.07875-.58652 2.42172.32394 2.05234-.74067 2.75805-2.23485 2.77242-.12937.00117-1.45496 0-1.5909 0-2.84878 0-5.26335-1.5909-6.93183-1.5909V11.2041c1.47297 0 2.82441-2.65387 4.14777-3.97726 1.19317-1.19317.79543-3.1818 1.5909-3.97723 1.98863 0 1.98863 1.38738 1.98863 2.38637 0 1.648-1.19316 2.38632-1.19316 3.97722h4.37496c.8879 0 1.587.79547 1.5909 1.5909.00387.79543-.31254 1.4209-.93688 1.5909zM6.0625 18.875c0 .51777-.41973.9375-.9375.9375-.51777 0-.9375-.41973-.9375-.9375 0-.51777.41973-.9375.9375-.9375.51777 0 .9375.41973.9375.9375z"
      />
    </svg>
  </div>,
  <div
    className="sc-htpNat cXGUcq"
  >
    <svg
      aria-hidden="true"
      className="sc-eTuwsz dWwJTn"
      focusable="false"
      viewBox="0 0 32 32"
    >
      <path
        d="M21.3628 10.8405c.21435-.8725.11026-1.94843-.37531-2.71113.16818-.92843-.12082-1.92878-.71053-2.62128C20.3518 3.40242 19.06628 2 16.75509 2.00055c-.13111-.00118-1.38433-.00012-1.59895 0-2.99657-.00082-5.51805 1.56195-6.91832 1.56195H7.815c-.21988-.19434-.50846-.3125-.82476-.3125H3.24756C2.55856 3.25 2 3.80965 2 4.5v10c0 .69035.55856 1.25 1.24756 1.25h3.7427c.689 0 1.24756-.55965 1.24756-1.25v-.48754c.03314.0104.06444.02145.09286.03344.8428.4541 2.24577 2.69043 3.16468 3.61113.38597.38672.51142 1.03281.64425 1.71684.22234 1.14496.6563 2.62613 1.8257 2.62613 2.3239 0 3.23231-1.35438 3.23231-3.63594 0-1.20726-.46686-2.04879-.80682-2.72722h2.7349c1.58494 0 2.83531-1.36313 2.83535-2.8348-.00004-.80204-.21123-1.45864-.59824-1.96153zM6.99026 14.5h-3.7427v-10h3.7427v10zm12.1354-.1132h-4.36643c0 1.5909 1.19084 2.32922 1.19084 3.97722 0 .99899 0 2.38637-1.98476 2.38637-.79388-.79547-.39696-2.78406-1.5878-3.97723-1.11528-1.11746-2.77863-3.97726-3.9695-3.97726h-.17018V4.8414H8.408c1.35287 0 3.96951-1.5909 6.74815-1.5909.13567 0 1.45867-.00116 1.5878 0 1.49126.01438 2.5538.72009 2.23048 2.77243.6381.34297 1.1126 1.53262.58539 2.42172.84175.43035.84175 2.30535.21863 2.76035.62312.17.9389.79547.93501 1.5909-.0039.79547-.70164 1.5909-1.5878 1.5909zM6.05458 12.625c0 .51777-.4189.9375-.93567.9375s-.93567-.41973-.93567-.9375c0-.51777.4189-.9375.93567-.9375.51676 0 .93567.41973.93567.9375z"
      />
    </svg>
  </div>,
]
`;
