// Jest Snapshot v1, https://goo.gl/fbAQLP

exports[`Amount tests basic tests matches the snapshot 1`] = `
<div
  id="tableAdsHistory"
>
  <div
    className="sc-kgoBCf izkjdq"
  >
    MISSING: noAdsHistory
  </div>
</div>
`;
