// Jest Snapshot v1, https://goo.gl/fbAQLP

exports[`Box tests basic tests matches the snapshot 1`] = `
<div
  className="sc-htpNat ddJyCH"
>
  <div
    className="sc-bxivhb gEfMvB sc-bdVaJa jFmtxo"
    data-test-id="box"
  >
    <div
      className="sc-bxivhb gEfMvB sc-bwzfXH JXQVG"
    >
      <div
        className="sc-ifAKCX iOtDzm"
      >
        <div
          className="sc-EHOje fpqoIO"
          open={true}
        >
          <div
            className="sc-gqjmRU lfUAVg"
          >
            <div
              className="sc-bZQynM jiIlfA"
            >
              test
            </div>
            <div
              className="sc-jTzLTM eFukZp"
            />
          </div>
          <div
            className="sc-gzVnrw ldRlIk"
          />
          <div
            className="sc-dnqmqq dmuLZm"
          />
        </div>
        <div
          className="sc-iwsKbI efpCsA"
        >
          <button
            className="sc-gZMcBi jYLiBW"
          >
            <svg
              aria-hidden="true"
              className="sc-hmzhuo iCzvCW"
              focusable="false"
              viewBox="0 0 32 32"
            >
              <path
                d="M16 3a13 13 0 1 0 13 13A13 13 0 0 0 16 3zm0 24a11 11 0 1 1 11-11 11 11 0 0 1-11 11z"
              />
              <path
                d="M20.71 11.29a1 1 0 0 0-1.42 0L16 14.59l-3.29-3.3a1 1 0 0 0-1.42 1.42l3.3 3.29-3.3 3.29a1 1 0 0 0 0 1.42 1 1 0 0 0 1.42 0l3.29-3.3 3.29 3.3a1 1 0 0 0 1.42 0 1 1 0 0 0 0-1.42L17.41 16l3.3-3.29a1 1 0 0 0 0-1.42z"
              />
            </svg>
          </button>
          <div
            className="sc-VigVT eBuFJY"
          >
            <div
              className="sc-fjdhpX cHWAEk"
            >
              test MISSING: settings
            </div>
          </div>
        </div>
      </div>
    </div>
  </div>
</div>
`;
