// Jest Snapshot v1, https://goo.gl/fbAQLP

exports[`ModalDonation tests basic tests matches the snapshot 1`] = `
<div
  className="sc-htpNat jEQWaJ"
  id="modal"
  onClick={[Function]}
>
  <div
    className="sc-bxivhb jUOUoN"
    size="normal"
  >
    <div
      className="sc-ifAKCX dDcLej"
    >
      <svg
        aria-hidden="true"
        className="sc-gipzik lmcWzx"
        focusable="false"
        viewBox="0 0 32 32"
      >
        <path
          d="M16 3a13 13 0 1 0 13 13A13 13 0 0 0 16 3zm0 24a11 11 0 1 1 11-11 11 11 0 0 1-11 11z"
        />
        <path
          d="M20.71 11.29a1 1 0 0 0-1.42 0L16 14.59l-3.29-3.3a1 1 0 0 0-1.42 1.42l3.3 3.29-3.3 3.29a1 1 0 0 0 0 1.42 1 1 0 0 0 1.42 0l3.29-3.3 3.29 3.3a1 1 0 0 0 1.42 0 1 1 0 0 0 0-1.42L17.41 16l3.3-3.29a1 1 0 0 0 0-1.42z"
        />
      </svg>
    </div>
    <div
      className="sc-EHOje fWqojI"
    >
      <div
        className="sc-bdVaJa bJpVkp"
      >
        <div
          className="sc-bwzfXH kNyJHx"
        />
        <div>
          <div>
            <table
              className="sc-bHwgHz ivzSCr"
            >
              <thead>
                <tr>
                  <th
                    className="sc-krDsej iCWhZz"
                  >
                    MISSING: site
                  </th>
                  <th
                    className="sc-krDsej iCWhZz"
                  >
                    MISSING: date
                  </th>
                  <th
                    className="sc-krDsej csFqvd"
                  >
                    MISSING: tokens
                  </th>
                </tr>
              </thead>
            </table>
            <div
              className="sc-TFwJa dfqlUq"
            />
          </div>
        </div>
      </div>
    </div>
  </div>
</div>
`;
