// Jest Snapshot v1, https://goo.gl/fbAQLP

exports[`NextContribution tests basic tests matches the snapshot 1`] = `
<div
  className="sc-bdVaJa eUasTv"
  id="next"
/>
`;
