// Jest Snapshot v1, https://goo.gl/fbAQLP

exports[`Ad Rows Details tests basic tests matches the snapshot 1`] = `
<tr>
  <td
    colSpan={3}
  >
    <div
      className="sc-htpNat gIXHCy"
    >
      <div
        className="sc-bwzfXH kjiOfZ"
        onClick={[Function]}
      >
        <div
          className="sc-EHOje fRveLa"
        >
          <svg
            aria-hidden="true"
            className="sc-dfVpRl cooNk"
            focusable="false"
            viewBox="0 0 32 32"
          >
            <path
              d="M3.36242 7h17.26845c1.19463 0 1.79195 1.3994.94631 2.21953l-8.63087 8.37692c-.5235.5077-1.37584.5077-1.89933 0L2.41611 9.21953C1.57047 8.3994 2.16779 7 3.3624 7z"
            />
          </svg>
        </div>
        <div
          className="sc-bdVaJa gztNCH"
        >
          
        </div>
        <div
          className="sc-bxivhb djduLy"
        >
          <hr
            className="sc-ifAKCX FfoRJ"
          />
        </div>
      </div>
    </div>
  </td>
</tr>
`;
