// Jest Snapshot v1, https://goo.gl/fbAQLP

exports[`ModalRedirect tests basic tests matches the snapshot 1`] = `
<div
  className="sc-EHOje jYrcgb"
  id="modal"
  onClick={[Function]}
>
  <div
    className="sc-bZQynM dfdEgB"
    size="normal"
  >
    <div
      className="sc-htoDjs iaYxYR"
    >
      <div
        className="sc-bdVaJa bJpVkp"
      >
        <div
          className="sc-bwzfXH liiAcN"
        />
        <div
          className="sc-htpNat ciOYKS"
        >
          <svg
            aria-hidden="true"
            className="sc-hMFtBS zStsa"
            focusable="false"
            viewBox="0 0 32 32"
          >
            <path
              d="M6.5 23.5c-.7 0-1.4-.4-1.7-1C3.6 20.5 3 18.3 3 16 3 8.8 8.8 3 16 3s13 5.8 13 13c0 1.1-.9 2-2 2s-2-.9-2-2c0-5-4-9-9-9s-9 4-9 9c0 1.6.4 3.1 1.2 4.5.6 1 .2 2.2-.7 2.7-.4.2-.7.3-1 .3z"
            >
               
              <animateTransform
                attributeName="transform"
                attributeType="xml"
                dur=".5s"
                from="0 16 16"
                repeatCount="indefinite"
                to="360 16 16"
                type="rotate"
              />
            </path>
          </svg>
        </div>
      </div>
    </div>
  </div>
</div>
`;
