// Jest Snapshot v1, https://goo.gl/fbAQLP

exports[`SettingsPage tests basic tests matches the snapshot 1`] = `
<div
  className="sc-bdVaJa cEFUap"
  id="page"
>
  <div
    className="sc-bwzfXH eZOGnK"
  />
</div>
`;
