// Jest Snapshot v1, https://goo.gl/fbAQLP

exports[`List tests basic tests matches the snapshot 1`] = `
<div
  className="sc-bdVaJa eEcfwY"
  id="list"
>
  <div
    className="sc-bwzfXH jDGQBl"
  />
  <div
    className="sc-htpNat WUQnl"
  />
</div>
`;
