// Jest Snapshot v1, https://goo.gl/fbAQLP

exports[`TableDonation tests basic tests matches the snapshot 1`] = `
<div
  id="table"
>
  <div>
    <table
      className="sc-htoDjs hXScZf"
    >
      <thead>
        <tr>
          <th
            className="sc-dnqmqq jygLhl"
          >
            MISSING: site
          </th>
          <th
            className="sc-dnqmqq jygLhl"
          >
            MISSING: date
          </th>
          <th
            className="sc-dnqmqq iWaoIX"
          >
            MISSING: tokens
          </th>
        </tr>
      </thead>
    </table>
    <div
      className="sc-gzVnrw beRiAf"
    />
  </div>
</div>
`;
