// Jest Snapshot v1, https://goo.gl/fbAQLP

exports[`ShowAdsHistory tests basic tests matches the snapshot 1`] = `
<div
  className="sc-bdVaJa fhHSjP"
>
  <span
    className="sc-htpNat iVvEFP"
  >
    MISSING: openAdsHistory
  </span>
</div>
`;
